# --------------------------------------------------- // System
downgrade                                              # downgrade packages

# --------------------------------------------------- // Misc
xdg-desktop-portal-gtk                                 # xdg desktop portal using gtk
emote                                                  # emoji picker gtk3

# --------------------------------------------------- // Music
cava                                                   # audio visualizer

# --------------------------------------------------- // Apps
neovim                                                 # vim based text editor

# --------------------------------------------------- // VPN
wireguard-tools                                        # Wireguard protocol
networkmanager-openconnect                             # Open Connect like protocols

# --------------------------------------------------- // Backends
electron                                              # electron backend
